
> pawsafeplants@0.1.0 build
> next build

  鈻?Next.js 14.2.3
  - Environments: .env.local

